Java HotSpot(TM) 64-Bit Server VM (25.131-b11) for linux-amd64 JRE (1.8.0_131-b11), built on Mar 15 2017 01:23:40 by "java_re" with gcc 4.3.0 20080428 (Red Hat 4.3.0-8)
Memory: 4k page, physical 2048656k(417788k free), swap 2095100k(1170400k free)
CommandLine flags: -XX:+DisableExplicitGC -XX:InitialHeapSize=1073741824 -XX:InitiatingHeapOccupancyPercent=35 -XX:+ManagementServer -XX:MaxGCPauseMillis=20 -XX:MaxHeapSize=1073741824 -XX:+PrintGC -XX:+PrintGCDateStamps -XX:+PrintGCDetails -XX:+PrintGCTimeStamps -XX:+UseCompressedClassPointers -XX:+UseCompressedOops -XX:+UseG1GC 
2017-07-14T01:44:08.953+0530: 2.314: [GC pause (G1 Evacuation Pause) (young), 0.0145779 secs]
   [Parallel Time: 11.4 ms, GC Workers: 1]
      [GC Worker Start (ms):  2314.3]
      [Ext Root Scanning (ms):  3.1]
      [Update RS (ms):  0.0]
         [Processed Buffers:  0]
      [Scan RS (ms):  0.0]
      [Code Root Scanning (ms):  0.5]
      [Object Copy (ms):  7.7]
      [Termination (ms):  0.0]
         [Termination Attempts:  1]
      [GC Worker Other (ms):  0.0]
      [GC Worker Total (ms):  11.4]
      [GC Worker End (ms):  2325.7]
   [Code Root Fixup: 0.2 ms]
   [Code Root Purge: 0.1 ms]
   [Clear CT: 0.0 ms]
   [Other: 2.9 ms]
      [Choose CSet: 0.0 ms]
      [Ref Proc: 2.4 ms]
      [Ref Enq: 0.0 ms]
      [Redirty Cards: 0.0 ms]
      [Humongous Register: 0.1 ms]
      [Humongous Reclaim: 0.0 ms]
      [Free CSet: 0.1 ms]
   [Eden: 51.0M(51.0M)->0.0B(44.0M) Survivors: 0.0B->7168.0K Heap: 51.0M(1024.0M)->7775.5K(1024.0M)]
 [Times: user=0.02 sys=0.00, real=0.01 secs] 
2017-07-14T01:44:12.217+0530: 5.578: [GC pause (G1 Evacuation Pause) (young), 0.0269864 secs]
   [Parallel Time: 25.2 ms, GC Workers: 1]
      [GC Worker Start (ms):  5578.5]
      [Ext Root Scanning (ms):  3.1]
      [Update RS (ms):  0.1]
         [Processed Buffers:  1]
      [Scan RS (ms):  0.0]
      [Code Root Scanning (ms):  1.4]
      [Object Copy (ms):  12.5]
      [Termination (ms):  0.0]
         [Termination Attempts:  1]
      [GC Worker Other (ms):  0.0]
      [GC Worker Total (ms):  17.2]
      [GC Worker End (ms):  5595.7]
   [Code Root Fixup: 0.4 ms]
   [Code Root Purge: 0.0 ms]
   [Clear CT: 0.0 ms]
   [Other: 1.3 ms]
      [Choose CSet: 0.0 ms]
      [Ref Proc: 0.9 ms]
      [Ref Enq: 0.0 ms]
      [Redirty Cards: 0.0 ms]
      [Humongous Register: 0.1 ms]
      [Humongous Reclaim: 0.0 ms]
      [Free CSet: 0.1 ms]
   [Eden: 44.0M(44.0M)->0.0B(44.0M) Survivors: 7168.0K->7168.0K Heap: 179.6M(1024.0M)->135.6M(1024.0M)]
 [Times: user=0.03 sys=0.00, real=0.03 secs] 
2017-07-14T01:44:12.818+0530: 6.180: [GC pause (G1 Evacuation Pause) (young), 0.0219567 secs]
   [Parallel Time: 20.8 ms, GC Workers: 1]
      [GC Worker Start (ms):  6179.8]
      [Ext Root Scanning (ms):  2.2]
      [Update RS (ms):  0.1]
         [Processed Buffers:  1]
      [Scan RS (ms):  0.0]
      [Code Root Scanning (ms):  1.7]
      [Object Copy (ms):  11.6]
      [Termination (ms):  0.0]
         [Termination Attempts:  1]
      [GC Worker Other (ms):  0.0]
      [GC Worker Total (ms):  15.7]
      [GC Worker End (ms):  6195.5]
   [Code Root Fixup: 0.5 ms]
   [Code Root Purge: 0.0 ms]
   [Clear CT: 0.0 ms]
   [Other: 0.6 ms]
      [Choose CSet: 0.0 ms]
      [Ref Proc: 0.2 ms]
      [Ref Enq: 0.0 ms]
      [Redirty Cards: 0.0 ms]
      [Humongous Register: 0.1 ms]
      [Humongous Reclaim: 0.1 ms]
      [Free CSet: 0.1 ms]
   [Eden: 44.0M(44.0M)->0.0B(48.0M) Survivors: 7168.0K->3072.0K Heap: 179.6M(1024.0M)->133.5M(1024.0M)]
 [Times: user=0.03 sys=0.00, real=0.03 secs] 
2017-07-14T01:44:13.282+0530: 6.644: [GC pause (G1 Evacuation Pause) (young), 0.0051377 secs]
   [Parallel Time: 4.7 ms, GC Workers: 1]
      [GC Worker Start (ms):  6643.8]
      [Ext Root Scanning (ms):  1.1]
      [Update RS (ms):  0.1]
         [Processed Buffers:  7]
      [Scan RS (ms):  0.9]
      [Code Root Scanning (ms):  0.3]
      [Object Copy (ms):  2.1]
      [Termination (ms):  0.0]
         [Termination Attempts:  1]
      [GC Worker Other (ms):  0.0]
      [GC Worker Total (ms):  4.6]
      [GC Worker End (ms):  6648.5]
   [Code Root Fixup: 0.1 ms]
   [Code Root Purge: 0.0 ms]
   [Clear CT: 0.0 ms]
   [Other: 0.4 ms]
      [Choose CSet: 0.0 ms]
      [Ref Proc: 0.0 ms]
      [Ref Enq: 0.0 ms]
      [Redirty Cards: 0.0 ms]
      [Humongous Register: 0.1 ms]
      [Humongous Reclaim: 0.0 ms]
      [Free CSet: 0.0 ms]
   [Eden: 48.0M(48.0M)->0.0B(49.0M) Survivors: 3072.0K->2048.0K Heap: 181.5M(1024.0M)->132.5M(1024.0M)]
 [Times: user=0.01 sys=0.00, real=0.00 secs] 
2017-07-14T01:44:13.792+0530: 7.153: [GC pause (G1 Evacuation Pause) (young), 0.0128802 secs]
   [Parallel Time: 10.7 ms, GC Workers: 1]
      [GC Worker Start (ms):  7153.1]
      [Ext Root Scanning (ms):  7.9]
      [Update RS (ms):  0.5]
         [Processed Buffers:  6]
      [Scan RS (ms):  0.0]
      [Code Root Scanning (ms):  0.3]
      [Object Copy (ms):  2.0]
      [Termination (ms):  0.0]
         [Termination Attempts:  1]
      [GC Worker Other (ms):  0.0]
      [GC Worker Total (ms):  10.7]
      [GC Worker End (ms):  7163.7]
   [Code Root Fixup: 0.1 ms]
   [Code Root Purge: 0.0 ms]
   [Clear CT: 0.0 ms]
   [Other: 2.1 ms]
      [Choose CSet: 0.0 ms]
      [Ref Proc: 1.7 ms]
      [Ref Enq: 0.0 ms]
      [Redirty Cards: 0.0 ms]
      [Humongous Register: 0.1 ms]
      [Humongous Reclaim: 0.0 ms]
      [Free CSet: 0.0 ms]
   [Eden: 49.0M(49.0M)->0.0B(48.0M) Survivors: 2048.0K->3072.0K Heap: 181.5M(1024.0M)->133.5M(1024.0M)]
 [Times: user=0.00 sys=0.00, real=0.01 secs] 
2017-07-14T01:44:14.641+0530: 8.003: [GC pause (Metadata GC Threshold) (young) (initial-mark), 0.0125846 secs]
   [Parallel Time: 11.7 ms, GC Workers: 1]
      [GC Worker Start (ms):  8002.9]
      [Ext Root Scanning (ms):  3.0]
      [Update RS (ms):  0.6]
         [Processed Buffers:  13]
      [Scan RS (ms):  0.0]
      [Code Root Scanning (ms):  0.3]
      [Object Copy (ms):  7.8]
      [Termination (ms):  0.0]
         [Termination Attempts:  1]
      [GC Worker Other (ms):  0.0]
      [GC Worker Total (ms):  11.6]
      [GC Worker End (ms):  8014.5]
   [Code Root Fixup: 0.1 ms]
   [Code Root Purge: 0.0 ms]
   [Clear CT: 0.0 ms]
   [Other: 0.8 ms]
      [Choose CSet: 0.0 ms]
      [Ref Proc: 0.4 ms]
      [Ref Enq: 0.0 ms]
      [Redirty Cards: 0.0 ms]
      [Humongous Register: 0.1 ms]
      [Humongous Reclaim: 0.0 ms]
      [Free CSet: 0.0 ms]
   [Eden: 20.0M(48.0M)->0.0B(47.0M) Survivors: 3072.0K->4096.0K Heap: 153.2M(1024.0M)->135.0M(1024.0M)]
 [Times: user=0.01 sys=0.01, real=0.01 secs] 
2017-07-14T01:44:14.654+0530: 8.015: [GC concurrent-root-region-scan-start]
2017-07-14T01:44:14.657+0530: 8.018: [GC concurrent-root-region-scan-end, 0.0025274 secs]
2017-07-14T01:44:14.657+0530: 8.018: [GC concurrent-mark-start]
2017-07-14T01:44:14.699+0530: 8.061: [GC concurrent-mark-end, 0.0428909 secs]
2017-07-14T01:44:14.700+0530: 8.061: [GC remark 2017-07-14T01:44:14.700+0530: 8.061: [Finalize Marking, 0.0001174 secs] 2017-07-14T01:44:14.700+0530: 8.061: [GC ref-proc, 0.0001351 secs] 2017-07-14T01:44:14.700+0530: 8.061: [Unloading, 0.0126648 secs], 0.0145231 secs]
 [Times: user=0.00 sys=0.00, real=0.01 secs] 
2017-07-14T01:44:14.716+0530: 8.078: [GC cleanup 137M->137M(1024M), 0.0034304 secs]
 [Times: user=0.00 sys=0.00, real=0.01 secs] 
2017-07-14T01:44:15.377+0530: 8.738: [GC pause (G1 Evacuation Pause) (young), 0.0314598 secs]
   [Parallel Time: 30.7 ms, GC Workers: 1]
      [GC Worker Start (ms):  8738.6]
      [Ext Root Scanning (ms):  2.0]
      [Update RS (ms):  0.7]
         [Processed Buffers:  9]
      [Scan RS (ms):  0.0]
      [Code Root Scanning (ms):  0.4]
      [Object Copy (ms):  27.5]
      [Termination (ms):  0.0]
         [Termination Attempts:  1]
      [GC Worker Other (ms):  0.0]
      [GC Worker Total (ms):  30.7]
      [GC Worker End (ms):  8769.2]
   [Code Root Fixup: 0.2 ms]
   [Code Root Purge: 0.0 ms]
   [Clear CT: 0.0 ms]
   [Other: 0.6 ms]
      [Choose CSet: 0.0 ms]
      [Ref Proc: 0.2 ms]
      [Ref Enq: 0.0 ms]
      [Redirty Cards: 0.0 ms]
      [Humongous Register: 0.1 ms]
      [Humongous Reclaim: 0.0 ms]
      [Free CSet: 0.0 ms]
   [Eden: 47.0M(47.0M)->0.0B(48.0M) Survivors: 4096.0K->3072.0K Heap: 182.0M(1024.0M)->133.7M(1024.0M)]
 [Times: user=0.02 sys=0.00, real=0.03 secs] 
2017-07-14T01:44:15.746+0530: 9.107: [GC pause (G1 Evacuation Pause) (young), 0.0123937 secs]
   [Parallel Time: 11.7 ms, GC Workers: 1]
      [GC Worker Start (ms):  9107.2]
      [Ext Root Scanning (ms):  1.7]
      [Update RS (ms):  0.6]
         [Processed Buffers:  7]
      [Scan RS (ms):  0.0]
      [Code Root Scanning (ms):  0.4]
      [Object Copy (ms):  8.9]
      [Termination (ms):  0.0]
         [Termination Attempts:  1]
      [GC Worker Other (ms):  0.0]
      [GC Worker Total (ms):  11.7]
      [GC Worker End (ms):  9118.8]
   [Code Root Fixup: 0.1 ms]
   [Code Root Purge: 0.0 ms]
   [Clear CT: 0.0 ms]
   [Other: 0.5 ms]
      [Choose CSet: 0.1 ms]
      [Ref Proc: 0.1 ms]
      [Ref Enq: 0.0 ms]
      [Redirty Cards: 0.0 ms]
      [Humongous Register: 0.1 ms]
      [Humongous Reclaim: 0.0 ms]
      [Free CSet: 0.0 ms]
   [Eden: 48.0M(48.0M)->0.0B(47.0M) Survivors: 3072.0K->4096.0K Heap: 181.7M(1024.0M)->134.5M(1024.0M)]
 [Times: user=0.02 sys=0.00, real=0.01 secs] 
2017-07-14T01:44:17.513+0530: 10.917: [GC pause (G1 Humongous Allocation) (young) (initial-mark), 0.1587748 secs]
   [Parallel Time: 69.2 ms, GC Workers: 1]
      [GC Worker Start (ms):  10951.0]
      [Ext Root Scanning (ms):  33.5]
      [Update RS (ms):  26.0]
         [Processed Buffers:  11]
      [Scan RS (ms):  0.0]
      [Code Root Scanning (ms):  1.0]
      [Object Copy (ms):  8.7]
      [Termination (ms):  0.0]
         [Termination Attempts:  1]
      [GC Worker Other (ms):  0.0]
      [GC Worker Total (ms):  69.2]
      [GC Worker End (ms):  11020.2]
   [Code Root Fixup: 0.3 ms]
   [Code Root Purge: 0.0 ms]
   [Clear CT: 0.1 ms]
   [Other: 89.1 ms]
      [Choose CSet: 0.0 ms]
      [Ref Proc: 0.3 ms]
      [Ref Enq: 0.0 ms]
      [Redirty Cards: 0.0 ms]
      [Humongous Register: 0.0 ms]
      [Humongous Reclaim: 0.4 ms]
      [Free CSet: 0.1 ms]
   [Eden: 31.0M(47.0M)->0.0B(48.0M) Survivors: 4096.0K->3072.0K Heap: 350.4M(1024.0M)->133.7M(1024.0M)]
 [Times: user=0.01 sys=0.00, real=0.17 secs] 
2017-07-14T01:44:17.676+0530: 11.037: [GC concurrent-root-region-scan-start]
2017-07-14T01:44:17.744+0530: 11.105: [GC concurrent-root-region-scan-end, 0.0679840 secs]
2017-07-14T01:44:17.744+0530: 11.105: [GC concurrent-mark-start]
2017-07-14T01:44:17.812+0530: 11.173: [GC concurrent-mark-end, 0.0678488 secs]
2017-07-14T01:44:17.812+0530: 11.174: [GC remark 2017-07-14T01:44:17.812+0530: 11.174: [Finalize Marking, 0.0001432 secs] 2017-07-14T01:44:17.813+0530: 11.174: [GC ref-proc, 0.0001074 secs] 2017-07-14T01:44:17.813+0530: 11.174: [Unloading, 0.0427490 secs], 0.0443370 secs]
 [Times: user=0.02 sys=0.00, real=0.04 secs] 
2017-07-14T01:44:17.857+0530: 11.218: [GC cleanup 179M->179M(1024M), 0.0942966 secs]
 [Times: user=0.03 sys=0.01, real=0.10 secs] 
2017-07-14T01:49:08.148+0530: 301.753: [GC pause (G1 Evacuation Pause) (young), 0.2926626 secs]
   [Parallel Time: 46.3 ms, GC Workers: 1]
      [GC Worker Start (ms):  301754.7]
      [Ext Root Scanning (ms):  1.9]
      [Update RS (ms):  24.0]
         [Processed Buffers:  21]
      [Scan RS (ms):  0.0]
      [Code Root Scanning (ms):  1.0]
      [Object Copy (ms):  19.4]
      [Termination (ms):  0.0]
         [Termination Attempts:  1]
      [GC Worker Other (ms):  0.0]
      [GC Worker Total (ms):  46.3]
      [GC Worker End (ms):  301801.0]
   [Code Root Fixup: 0.3 ms]
   [Code Root Purge: 0.0 ms]
   [Clear CT: 0.0 ms]
   [Other: 246.0 ms]
      [Choose CSet: 0.0 ms]
      [Ref Proc: 0.3 ms]
      [Ref Enq: 0.0 ms]
      [Redirty Cards: 0.0 ms]
      [Humongous Register: 0.7 ms]
      [Humongous Reclaim: 0.1 ms]
      [Free CSet: 0.1 ms]
   [Eden: 48.0M(48.0M)->0.0B(45.0M) Survivors: 3072.0K->6144.0K Heap: 246.7M(1024.0M)->136.5M(1024.0M)]
 [Times: user=0.01 sys=0.00, real=0.32 secs] 
2017-07-14T01:53:41.965+0530: 575.326: [GC pause (G1 Evacuation Pause) (young), 0.1831131 secs]
   [Parallel Time: 110.5 ms, GC Workers: 1]
      [GC Worker Start (ms):  575367.7]
      [Ext Root Scanning (ms):  12.8]
      [Update RS (ms):  51.8]
         [Processed Buffers:  10]
      [Scan RS (ms):  0.1]
      [Code Root Scanning (ms):  2.6]
      [Object Copy (ms):  29.9]
      [Termination (ms):  0.0]
         [Termination Attempts:  1]
      [GC Worker Other (ms):  13.3]
      [GC Worker Total (ms):  110.4]
      [GC Worker End (ms):  575478.2]
   [Code Root Fixup: 0.8 ms]
   [Code Root Purge: 0.0 ms]
   [Clear CT: 0.1 ms]
   [Other: 71.7 ms]
      [Choose CSet: 0.0 ms]
      [Ref Proc: 0.2 ms]
      [Ref Enq: 0.0 ms]
      [Redirty Cards: 0.0 ms]
      [Humongous Register: 1.1 ms]
      [Humongous Reclaim: 0.1 ms]
      [Free CSet: 28.8 ms]
   [Eden: 45.0M(45.0M)->0.0B(48.0M) Survivors: 6144.0K->3072.0K Heap: 181.5M(1024.0M)->135.6M(1024.0M)]
 [Times: user=0.04 sys=0.00, real=0.18 secs] 
2017-07-14T01:58:07.146+0530: 840.507: [GC pause (G1 Evacuation Pause) (young), 0.0273940 secs]
   [Parallel Time: 26.4 ms, GC Workers: 1]
      [GC Worker Start (ms):  840507.5]
      [Ext Root Scanning (ms):  1.6]
      [Update RS (ms):  13.2]
         [Processed Buffers:  24]
      [Scan RS (ms):  4.3]
      [Code Root Scanning (ms):  1.0]
      [Object Copy (ms):  6.2]
      [Termination (ms):  0.0]
         [Termination Attempts:  1]
      [GC Worker Other (ms):  0.0]
      [GC Worker Total (ms):  26.4]
      [GC Worker End (ms):  840533.9]
   [Code Root Fixup: 0.2 ms]
   [Code Root Purge: 0.0 ms]
   [Clear CT: 0.0 ms]
   [Other: 0.7 ms]
      [Choose CSet: 0.0 ms]
      [Ref Proc: 0.2 ms]
      [Ref Enq: 0.0 ms]
      [Redirty Cards: 0.0 ms]
      [Humongous Register: 0.1 ms]
      [Humongous Reclaim: 0.0 ms]
      [Free CSet: 0.0 ms]
   [Eden: 48.0M(48.0M)->0.0B(48.0M) Survivors: 3072.0K->3072.0K Heap: 183.6M(1024.0M)->135.6M(1024.0M)]
 [Times: user=0.01 sys=0.00, real=0.03 secs] 
2017-07-14T02:24:45.830+0530: 2439.191: [GC pause (G1 Evacuation Pause) (young), 0.0095396 secs]
   [Parallel Time: 8.6 ms, GC Workers: 1]
      [GC Worker Start (ms):  2439191.4]
      [Ext Root Scanning (ms):  1.5]
      [Update RS (ms):  0.9]
         [Processed Buffers:  21]
      [Scan RS (ms):  0.4]
      [Code Root Scanning (ms):  0.9]
      [Object Copy (ms):  4.9]
      [Termination (ms):  0.0]
         [Termination Attempts:  1]
      [GC Worker Other (ms):  0.0]
      [GC Worker Total (ms):  8.6]
      [GC Worker End (ms):  2439199.9]
   [Code Root Fixup: 0.2 ms]
   [Code Root Purge: 0.0 ms]
   [Clear CT: 0.0 ms]
   [Other: 0.7 ms]
      [Choose CSet: 0.0 ms]
      [Ref Proc: 0.2 ms]
      [Ref Enq: 0.0 ms]
      [Redirty Cards: 0.0 ms]
      [Humongous Register: 0.1 ms]
      [Humongous Reclaim: 0.0 ms]
      [Free CSet: 0.0 ms]
   [Eden: 48.0M(48.0M)->0.0B(48.0M) Survivors: 3072.0K->3072.0K Heap: 183.6M(1024.0M)->135.6M(1024.0M)]
 [Times: user=0.01 sys=0.00, real=0.02 secs] 
Heap
 garbage-first heap   total 1048576K, used 173625K [0x00000000c0000000, 0x00000000c0102000, 0x0000000100000000)
  region size 1024K, 38 young (38912K), 3 survivors (3072K)
 Metaspace       used 24442K, capacity 24590K, committed 24832K, reserved 1071104K
  class space    used 3409K, capacity 3459K, committed 3584K, reserved 1048576K
